// Jest Snapshot v1, https://goo.gl/fbAQLP

exports[`SidePanel renders correctly 1`] = `
<div
  class="styled__StyledBox-sc-sj5f1m-0 odkmb styled__StyledPanel-sc-1h6ef3q-0 gyZFEm"
>
  <div
    class="styled__StyledBox-sc-sj5f1m-0 gHBxjL styled__StyledFlex-sc-hcvk8l-0 hPcIGA"
  >
    <h2
      class="styled__StyledH2-sc-tqnj75-2 styled__StyledH2-sc-1h6ef3q-1 kEGvNd fjdBDH"
    >
      Basic Information
    </h2>
  </div>
  <p
    class="styled__StyledText-sc-tqnj75-5 dBDsjF"
  >
    Product name
  </p>
  <p>
    Product 1
  </p>
  <p
    class="styled__StyledText-sc-tqnj75-5 dBDsjF"
  >
    Product type
  </p>
  <p>
    Physical
  </p>
  <p
    class="styled__StyledText-sc-tqnj75-5 dBDsjF"
  >
    Default price (excluding tax)
  </p>
  <p>
    $ 
    20
  </p>
  <p />
</div>
`;
